  Determining projects to restore...
  All projects are up-to-date for restore.
  IbnElgm3a -> F:\IbnElgm3aa\bin\Debug\net8.0\IbnElgm3a.dll

Build succeeded.
    0 Warning(s)
    0 Error(s)

Time Elapsed 00:00:02.17
